// Jest Snapshot v1, https://goo.gl/fbAQLP

exports[`<Main /> should render the heading 1`] = `
<header>
  <h1>
    Header
  </h1>
</header>
`;
